tile=S30W065 blocks=81 land=81 items=4403 shards=15 stored_weights=False
per-block items: min=198 mean=546 max=821
shard blocks   items  phaseA   wait
    0      6    2338   519.6  484.8
    1      5    2410   648.6  343.8
    2      6    4003   966.5   30.5
    3      5    3015   779.1  212.6
    4      5    2964   609.8  383.9
    5      6    3217   859.2  131.4
    6      5    3170   704.7  293.0
    7      6    4191   989.5    0.1
    8      5    2201   555.7  434.9
    9      5    1860   420.2  575.8
   10      6    3954   974.8   20.4
   11      5    3128   722.3  283.0
   12      6    3681   946.0   50.6
   13      5    2258   600.3  404.2
   14      5    1798   670.4  323.7

phase A vs items per shard: r=+0.907 r2=0.822 fit t = 111.1 + 0.2105 s/item, resid sd=79.5s

measured phase A: max=990 mean=731; unit wall mean=1922s
weighted split blocks per shard: [9, 4, 5, 5, 4, 6, 5, 4, 5, 8, 4, 5, 4, 6, 7]
weighted split items per shard: 2565-3330 (current 1798-4191)
point estimate: max=812s, 178s (9.2% of unit wall) below measured
ideal non-contiguous bound: max=731s, 258s below measured

noise-aware E[max] over 15 shards (resid sd 80s): current=1038s [965,1115] weighted=895s [837,958]
expected difference 142s = 7.4% of unit wall
model check: measured max 990s vs modelled current E[max] 1038s
